[     2.0s] 数据目录: /home/ray/Desktop/Cylinder_ROM_PhysicsGeneralizable_Re20_200_100Re/Regime_ROM_Library/periodic
[     2.0s] 网格文件: /home/ray/Desktop/Cylinder_Results/Re_100_VTK/run_Re_100_7107.vtk
[     2.0s] Re labels: ['Re_60p307745', 'Re_61p755954', 'Re_63p499817', 'Re_65p259829', 'Re_66p970112', 'Re_68p649714', 'Re_70p314635', 'Re_71p972931', 'Re_73p628287', 'Re_75p282340', 'Re_76p935803', 'Re_78p588971', 'Re_80p241943', 'Re_81p894708', 'Re_83p547164', 'Re_85p199103', 'Re_86p850168', 'Re_88p499815', 'Re_90p147341', 'Re_91p792204', 'Re_93p435204', 'Re_95p081752', 'Re_96p749308', 'Re_98p480345', 'Re_100p352251', 'Re_102p440042', 'Re_104p710911', 'Re_107p050737', 'Re_109p395985', 'Re_111p734011', 'Re_114p066308', 'Re_116p395488', 'Re_118p723173', 'Re_121p050171', 'Re_123p376833', 'Re_125p703274', 'Re_128p029461', 'Re_130p355225', 'Re_132p680203', 'Re_135p003744', 'Re_137p324830', 'Re_139p642302', 'Re_141p956319', 'Re_144p273459', 'Re_146p619578', 'Re_149p059229', 'Re_151p686208', 'Re_154p520852', 'Re_157p459588', 'Re_160p415176', 'Re_163p364123', 'Re_166p306373', 'Re_169p244893', 'Re_172p181708', 'Re_175p117940', 'Re_178p054368', 'Re_180p992055', 'Re_183p933395', 'Re_186p884600', 'Re_189p862278', 'Re_192p911664', 'Re_196p160723', 'Re_200p000000']
[     2.0s] r_u=80, r_p=80
[     2.0s] mass sum=5.992146803695e+02, min=1.042e-05, max=1.319e-02
[     2.0s] 计算速度模态梯度: r_u=80
[     4.9s]   velocity mode gradients 8/80
[     7.7s]   velocity mode gradients 16/80
[    10.5s]   velocity mode gradients 24/80
[    13.3s]   velocity mode gradients 32/80
[    16.1s]   velocity mode gradients 40/80
[    18.9s]   velocity mode gradients 48/80
[    21.7s]   velocity mode gradients 56/80
[    24.5s]   velocity mode gradients 64/80
[    27.3s]   velocity mode gradients 72/80
[    30.1s]   velocity mode gradients 80/80
[    30.1s] 计算压力模态梯度: r_p=80
[    31.3s]   pressure mode gradients 8/80
[    32.5s]   pressure mode gradients 16/80
[    33.6s]   pressure mode gradients 24/80
[    34.7s]   pressure mode gradients 32/80
[    35.9s]   pressure mode gradients 40/80
[    37.0s]   pressure mode gradients 48/80
[    38.1s]   pressure mode gradients 56/80
[    39.3s]   pressure mode gradients 64/80
[    40.5s]   pressure mode gradients 72/80
[    41.7s]   pressure mode gradients 80/80
[    41.7s] 计算压力 Laplacian 矩阵 L
[    42.1s] 计算非线性压力源张量 H^p: shape=(80,80,80), chunks=48
[    81.8s]   H^p chunks 2/48
[   121.1s]   H^p chunks 4/48
[   160.9s]   H^p chunks 6/48
[   203.2s]   H^p chunks 8/48
[   246.6s]   H^p chunks 10/48
[   291.3s]   H^p chunks 12/48
[   334.6s]   H^p chunks 14/48
[   377.2s]   H^p chunks 16/48
[   419.1s]   H^p chunks 18/48
[   462.1s]   H^p chunks 20/48
[   506.4s]   H^p chunks 22/48
[   551.0s]   H^p chunks 24/48
[   593.5s]   H^p chunks 26/48
[   635.8s]   H^p chunks 28/48
[   678.2s]   H^p chunks 30/48
[   721.9s]   H^p chunks 32/48
[   766.8s]   H^p chunks 34/48
[   810.4s]   H^p chunks 36/48
[   852.8s]   H^p chunks 38/48
[   894.4s]   H^p chunks 40/48
[   937.1s]   H^p chunks 42/48
[   981.4s]   H^p chunks 44/48
[  1026.2s]   H^p chunks 46/48
[  1058.4s]   H^p chunks 48/48
[  1058.4s] 计算均值梯度: Re_60p307745
[  1058.8s] 装配 c^p/A^p: Re_60p307745
[  1059.6s] 计算均值梯度: Re_61p755954
[  1060.1s] 装配 c^p/A^p: Re_61p755954
[  1060.8s] 计算均值梯度: Re_63p499817
[  1061.3s] 装配 c^p/A^p: Re_63p499817
[  1062.0s] 计算均值梯度: Re_65p259829
[  1062.5s] 装配 c^p/A^p: Re_65p259829
[  1063.2s] 计算均值梯度: Re_66p970112
[  1063.7s] 装配 c^p/A^p: Re_66p970112
[  1064.4s] 计算均值梯度: Re_68p649714
[  1064.9s] 装配 c^p/A^p: Re_68p649714
[  1065.6s] 计算均值梯度: Re_70p314635
[  1066.1s] 装配 c^p/A^p: Re_70p314635
[  1066.8s] 计算均值梯度: Re_71p972931
[  1067.3s] 装配 c^p/A^p: Re_71p972931
[  1068.1s] 计算均值梯度: Re_73p628287
[  1068.5s] 装配 c^p/A^p: Re_73p628287
[  1069.3s] 计算均值梯度: Re_75p282340
[  1069.7s] 装配 c^p/A^p: Re_75p282340
[  1070.5s] 计算均值梯度: Re_76p935803
[  1070.9s] 装配 c^p/A^p: Re_76p935803
[  1071.7s] 计算均值梯度: Re_78p588971
[  1072.1s] 装配 c^p/A^p: Re_78p588971
[  1072.9s] 计算均值梯度: Re_80p241943
[  1073.3s] 装配 c^p/A^p: Re_80p241943
[  1074.1s] 计算均值梯度: Re_81p894708
[  1074.6s] 装配 c^p/A^p: Re_81p894708
[  1075.3s] 计算均值梯度: Re_83p547164
[  1075.8s] 装配 c^p/A^p: Re_83p547164
[  1076.5s] 计算均值梯度: Re_85p199103
[  1077.0s] 装配 c^p/A^p: Re_85p199103
[  1077.7s] 计算均值梯度: Re_86p850168
[  1078.2s] 装配 c^p/A^p: Re_86p850168
[  1078.9s] 计算均值梯度: Re_88p499815
[  1079.4s] 装配 c^p/A^p: Re_88p499815
[  1080.2s] 计算均值梯度: Re_90p147341
[  1080.6s] 装配 c^p/A^p: Re_90p147341
[  1081.4s] 计算均值梯度: Re_91p792204
[  1081.8s] 装配 c^p/A^p: Re_91p792204
[  1082.6s] 计算均值梯度: Re_93p435204
[  1083.0s] 装配 c^p/A^p: Re_93p435204
[  1083.8s] 计算均值梯度: Re_95p081752
[  1084.3s] 装配 c^p/A^p: Re_95p081752
[  1085.0s] 计算均值梯度: Re_96p749308
[  1085.5s] 装配 c^p/A^p: Re_96p749308
[  1086.2s] 计算均值梯度: Re_98p480345
[  1086.7s] 装配 c^p/A^p: Re_98p480345
[  1087.4s] 计算均值梯度: Re_100p352251
[  1087.9s] 装配 c^p/A^p: Re_100p352251
[  1088.6s] 计算均值梯度: Re_102p440042
[  1089.1s] 装配 c^p/A^p: Re_102p440042
[  1089.9s] 计算均值梯度: Re_104p710911
[  1090.3s] 装配 c^p/A^p: Re_104p710911
[  1091.1s] 计算均值梯度: Re_107p050737
[  1091.5s] 装配 c^p/A^p: Re_107p050737
[  1092.3s] 计算均值梯度: Re_109p395985
[  1092.7s] 装配 c^p/A^p: Re_109p395985
[  1093.5s] 计算均值梯度: Re_111p734011
[  1094.0s] 装配 c^p/A^p: Re_111p734011
[  1094.7s] 计算均值梯度: Re_114p066308
[  1095.2s] 装配 c^p/A^p: Re_114p066308
[  1095.9s] 计算均值梯度: Re_116p395488
[  1096.4s] 装配 c^p/A^p: Re_116p395488
[  1097.2s] 计算均值梯度: Re_118p723173
[  1097.6s] 装配 c^p/A^p: Re_118p723173
[  1098.4s] 计算均值梯度: Re_121p050171
[  1098.8s] 装配 c^p/A^p: Re_121p050171
[  1099.6s] 计算均值梯度: Re_123p376833
[  1100.0s] 装配 c^p/A^p: Re_123p376833
[  1100.8s] 计算均值梯度: Re_125p703274
[  1101.2s] 装配 c^p/A^p: Re_125p703274
[  1101.9s] 计算均值梯度: Re_128p029461
[  1102.4s] 装配 c^p/A^p: Re_128p029461
[  1103.1s] 计算均值梯度: Re_130p355225
[  1103.6s] 装配 c^p/A^p: Re_130p355225
[  1104.3s] 计算均值梯度: Re_132p680203
[  1104.8s] 装配 c^p/A^p: Re_132p680203
[  1105.6s] 计算均值梯度: Re_135p003744
[  1106.0s] 装配 c^p/A^p: Re_135p003744
[  1106.8s] 计算均值梯度: Re_137p324830
[  1107.2s] 装配 c^p/A^p: Re_137p324830
[  1108.0s] 计算均值梯度: Re_139p642302
[  1108.5s] 装配 c^p/A^p: Re_139p642302
[  1109.2s] 计算均值梯度: Re_141p956319
[  1109.7s] 装配 c^p/A^p: Re_141p956319
[  1110.4s] 计算均值梯度: Re_144p273459
[  1110.9s] 装配 c^p/A^p: Re_144p273459
[  1111.6s] 计算均值梯度: Re_146p619578
[  1112.1s] 装配 c^p/A^p: Re_146p619578
[  1113.3s] 计算均值梯度: Re_149p059229
[  1113.8s] 装配 c^p/A^p: Re_149p059229
[  1114.5s] 计算均值梯度: Re_151p686208
[  1115.0s] 装配 c^p/A^p: Re_151p686208
[  1115.8s] 计算均值梯度: Re_154p520852
[  1116.3s] 装配 c^p/A^p: Re_154p520852
[  1117.1s] 计算均值梯度: Re_157p459588
[  1117.6s] 装配 c^p/A^p: Re_157p459588
[  1118.4s] 计算均值梯度: Re_160p415176
[  1118.9s] 装配 c^p/A^p: Re_160p415176
[  1120.0s] 计算均值梯度: Re_163p364123
[  1120.4s] 装配 c^p/A^p: Re_163p364123
[  1121.2s] 计算均值梯度: Re_166p306373
[  1121.6s] 装配 c^p/A^p: Re_166p306373
[  1122.4s] 计算均值梯度: Re_169p244893
[  1122.9s] 装配 c^p/A^p: Re_169p244893
[  1123.6s] 计算均值梯度: Re_172p181708
[  1124.0s] 装配 c^p/A^p: Re_172p181708
[  1124.8s] 计算均值梯度: Re_175p117940
[  1125.2s] 装配 c^p/A^p: Re_175p117940
[  1126.0s] 计算均值梯度: Re_178p054368
[  1126.4s] 装配 c^p/A^p: Re_178p054368
[  1127.1s] 计算均值梯度: Re_180p992055
[  1127.6s] 装配 c^p/A^p: Re_180p992055
[  1128.4s] 计算均值梯度: Re_183p933395
[  1128.9s] 装配 c^p/A^p: Re_183p933395
[  1129.6s] 计算均值梯度: Re_186p884600
[  1130.0s] 装配 c^p/A^p: Re_186p884600
[  1130.8s] 计算均值梯度: Re_189p862278
[  1131.3s] 装配 c^p/A^p: Re_189p862278
[  1132.0s] 计算均值梯度: Re_192p911664
[  1132.5s] 装配 c^p/A^p: Re_192p911664
[  1133.2s] 计算均值梯度: Re_196p160723
[  1133.7s] 装配 c^p/A^p: Re_196p160723
[  1134.4s] 计算均值梯度: Re_200p000000
[  1134.9s] 装配 c^p/A^p: Re_200p000000
[  1135.6s] 保存张量: /home/ray/Desktop/Cylinder_ROM_PhysicsGeneralizable_Re20_200_100Re/Regime_ROM_Library/pressure_poisson_surrogate_periodic.npz
[  1136.2s] 写技术报告: /home/ray/Desktop/Cylinder_ROM_PhysicsGeneralizable_Re20_200_100Re/Regime_ROM_Library/pressure_poisson_surrogate_periodic.md
[  1136.2s] 完成
