[     2.0s] 数据目录: /home/ray/Desktop/Cylinder_ROM_PhysicsGeneralizable_Re20_200_100Re/Regime_ROM_Library/periodic
[     2.0s] 网格文件: /home/ray/Desktop/Cylinder_Results/Re_100_VTK/run_Re_100_7107.vtk
[     2.0s] Re labels: ['Re_60p307745', 'Re_61p755954', 'Re_63p499817', 'Re_65p259829', 'Re_66p970112', 'Re_68p649714', 'Re_70p314635', 'Re_71p972931', 'Re_73p628287', 'Re_75p282340', 'Re_76p935803', 'Re_78p588971', 'Re_80p241943', 'Re_81p894708', 'Re_83p547164', 'Re_85p199103', 'Re_86p850168', 'Re_88p499815', 'Re_90p147341', 'Re_91p792204', 'Re_93p435204', 'Re_95p081752', 'Re_96p749308', 'Re_98p480345', 'Re_100p352251', 'Re_102p440042', 'Re_104p710911', 'Re_107p050737', 'Re_109p395985', 'Re_111p734011', 'Re_114p066308', 'Re_116p395488', 'Re_118p723173', 'Re_121p050171', 'Re_123p376833', 'Re_125p703274', 'Re_128p029461', 'Re_130p355225', 'Re_132p680203', 'Re_135p003744', 'Re_137p324830', 'Re_139p642302', 'Re_141p956319', 'Re_144p273459', 'Re_146p619578', 'Re_149p059229', 'Re_151p686208', 'Re_154p520852', 'Re_157p459588', 'Re_160p415176', 'Re_163p364123', 'Re_166p306373', 'Re_169p244893', 'Re_172p181708', 'Re_175p117940', 'Re_178p054368', 'Re_180p992055', 'Re_183p933395', 'Re_186p884600', 'Re_189p862278', 'Re_192p911664', 'Re_196p160723', 'Re_200p000000']
[     2.0s] r_u=80, r_p=80, nu=0.001
[     2.0s] 读取 area-weighted L2 point_areas 作为质量权重
[     2.0s] mass sum=5.992146803695e+02, min=1.042e-05, max=1.319e-02
[     2.0s] 计算速度模态导数：r_u=80
[    16.3s]   velocity mode derivatives 8/80
[    30.5s]   velocity mode derivatives 16/80
[    44.7s]   velocity mode derivatives 24/80
[    59.0s]   velocity mode derivatives 32/80
[    73.4s]   velocity mode derivatives 40/80
[    87.4s]   velocity mode derivatives 48/80
[   101.4s]   velocity mode derivatives 56/80
[   115.2s]   velocity mode derivatives 64/80
[   129.3s]   velocity mode derivatives 72/80
[   143.2s]   velocity mode derivatives 80/80
[   143.2s] 计算压力模态梯度：r_p=80
[   144.4s]   pressure mode gradients 8/80
[   145.5s]   pressure mode gradients 16/80
[   146.7s]   pressure mode gradients 24/80
[   147.8s]   pressure mode gradients 32/80
[   149.0s]   pressure mode gradients 40/80
[   150.1s]   pressure mode gradients 48/80
[   151.2s]   pressure mode gradients 56/80
[   152.4s]   pressure mode gradients 64/80
[   153.5s]   pressure mode gradients 72/80
[   154.6s]   pressure mode gradients 80/80
[   154.6s] 计算共享 Gram/P/H
[   155.4s] 计算二次对流张量 H：r_u=80, chunks=48
[   194.7s]   H chunks 2/48
[   235.0s]   H chunks 4/48
[   276.2s]   H chunks 6/48
[   317.5s]   H chunks 8/48
[   357.1s]   H chunks 10/48
[   396.7s]   H chunks 12/48
[   436.0s]   H chunks 14/48
[   476.7s]   H chunks 16/48
[   518.4s]   H chunks 18/48
[   559.5s]   H chunks 20/48
[   599.0s]   H chunks 22/48
[   638.2s]   H chunks 24/48
[   677.9s]   H chunks 26/48
[   718.5s]   H chunks 28/48
[   760.1s]   H chunks 30/48
[   801.2s]   H chunks 32/48
[   840.8s]   H chunks 34/48
[   879.6s]   H chunks 36/48
[   918.6s]   H chunks 38/48
[   959.1s]   H chunks 40/48
[  1000.7s]   H chunks 42/48
[  1041.5s]   H chunks 44/48
[  1080.4s]   H chunks 46/48
[  1110.4s]   H chunks 48/48
[  1110.4s] 计算均值场导数：Re_60p307745
[  1112.2s] 计算均值相关 c/A：Re_60p307745
[  1113.7s] 计算均值场导数：Re_61p755954
[  1115.7s] 计算均值相关 c/A：Re_61p755954
[  1116.6s] 计算均值场导数：Re_63p499817
[  1118.6s] 计算均值相关 c/A：Re_63p499817
[  1119.8s] 计算均值场导数：Re_65p259829
[  1121.7s] 计算均值相关 c/A：Re_65p259829
[  1122.6s] 计算均值场导数：Re_66p970112
[  1124.4s] 计算均值相关 c/A：Re_66p970112
[  1125.4s] 计算均值场导数：Re_68p649714
[  1127.2s] 计算均值相关 c/A：Re_68p649714
[  1128.1s] 计算均值场导数：Re_70p314635
[  1130.0s] 计算均值相关 c/A：Re_70p314635
[  1131.0s] 计算均值场导数：Re_71p972931
[  1132.8s] 计算均值相关 c/A：Re_71p972931
[  1133.7s] 计算均值场导数：Re_73p628287
[  1135.5s] 计算均值相关 c/A：Re_73p628287
[  1136.4s] 计算均值场导数：Re_75p282340
[  1138.3s] 计算均值相关 c/A：Re_75p282340
[  1139.2s] 计算均值场导数：Re_76p935803
[  1141.1s] 计算均值相关 c/A：Re_76p935803
[  1142.0s] 计算均值场导数：Re_78p588971
[  1143.9s] 计算均值相关 c/A：Re_78p588971
[  1144.8s] 计算均值场导数：Re_80p241943
[  1146.7s] 计算均值相关 c/A：Re_80p241943
[  1147.5s] 计算均值场导数：Re_81p894708
[  1149.4s] 计算均值相关 c/A：Re_81p894708
[  1150.3s] 计算均值场导数：Re_83p547164
[  1152.2s] 计算均值相关 c/A：Re_83p547164
[  1153.1s] 计算均值场导数：Re_85p199103
[  1155.0s] 计算均值相关 c/A：Re_85p199103
[  1155.9s] 计算均值场导数：Re_86p850168
[  1157.8s] 计算均值相关 c/A：Re_86p850168
[  1158.7s] 计算均值场导数：Re_88p499815
[  1160.6s] 计算均值相关 c/A：Re_88p499815
[  1161.5s] 计算均值场导数：Re_90p147341
[  1163.4s] 计算均值相关 c/A：Re_90p147341
[  1164.2s] 计算均值场导数：Re_91p792204
[  1166.2s] 计算均值相关 c/A：Re_91p792204
[  1167.0s] 计算均值场导数：Re_93p435204
[  1168.9s] 计算均值相关 c/A：Re_93p435204
[  1169.8s] 计算均值场导数：Re_95p081752
[  1171.7s] 计算均值相关 c/A：Re_95p081752
[  1172.6s] 计算均值场导数：Re_96p749308
[  1174.5s] 计算均值相关 c/A：Re_96p749308
[  1175.4s] 计算均值场导数：Re_98p480345
[  1177.3s] 计算均值相关 c/A：Re_98p480345
[  1178.2s] 计算均值场导数：Re_100p352251
[  1180.1s] 计算均值相关 c/A：Re_100p352251
[  1181.0s] 计算均值场导数：Re_102p440042
[  1182.9s] 计算均值相关 c/A：Re_102p440042
[  1183.7s] 计算均值场导数：Re_104p710911
[  1185.7s] 计算均值相关 c/A：Re_104p710911
[  1186.5s] 计算均值场导数：Re_107p050737
[  1188.5s] 计算均值相关 c/A：Re_107p050737
[  1189.3s] 计算均值场导数：Re_109p395985
[  1191.2s] 计算均值相关 c/A：Re_109p395985
[  1192.1s] 计算均值场导数：Re_111p734011
[  1194.1s] 计算均值相关 c/A：Re_111p734011
[  1194.9s] 计算均值场导数：Re_114p066308
[  1196.8s] 计算均值相关 c/A：Re_114p066308
[  1197.7s] 计算均值场导数：Re_116p395488
[  1199.6s] 计算均值相关 c/A：Re_116p395488
[  1200.5s] 计算均值场导数：Re_118p723173
[  1202.4s] 计算均值相关 c/A：Re_118p723173
[  1203.3s] 计算均值场导数：Re_121p050171
[  1205.2s] 计算均值相关 c/A：Re_121p050171
[  1206.1s] 计算均值场导数：Re_123p376833
[  1208.0s] 计算均值相关 c/A：Re_123p376833
[  1208.9s] 计算均值场导数：Re_125p703274
[  1210.8s] 计算均值相关 c/A：Re_125p703274
[  1211.7s] 计算均值场导数：Re_128p029461
[  1213.6s] 计算均值相关 c/A：Re_128p029461
[  1214.4s] 计算均值场导数：Re_130p355225
[  1216.3s] 计算均值相关 c/A：Re_130p355225
[  1217.2s] 计算均值场导数：Re_132p680203
[  1219.2s] 计算均值相关 c/A：Re_132p680203
[  1220.0s] 计算均值场导数：Re_135p003744
[  1222.0s] 计算均值相关 c/A：Re_135p003744
[  1222.8s] 计算均值场导数：Re_137p324830
[  1224.8s] 计算均值相关 c/A：Re_137p324830
[  1225.7s] 计算均值场导数：Re_139p642302
[  1227.6s] 计算均值相关 c/A：Re_139p642302
[  1228.4s] 计算均值场导数：Re_141p956319
[  1230.4s] 计算均值相关 c/A：Re_141p956319
[  1231.2s] 计算均值场导数：Re_144p273459
[  1233.1s] 计算均值相关 c/A：Re_144p273459
[  1234.0s] 计算均值场导数：Re_146p619578
[  1235.9s] 计算均值相关 c/A：Re_146p619578
[  1236.8s] 计算均值场导数：Re_149p059229
[  1238.8s] 计算均值相关 c/A：Re_149p059229
[  1239.6s] 计算均值场导数：Re_151p686208
[  1241.5s] 计算均值相关 c/A：Re_151p686208
[  1242.4s] 计算均值场导数：Re_154p520852
[  1244.3s] 计算均值相关 c/A：Re_154p520852
[  1245.2s] 计算均值场导数：Re_157p459588
[  1247.1s] 计算均值相关 c/A：Re_157p459588
[  1248.0s] 计算均值场导数：Re_160p415176
[  1249.9s] 计算均值相关 c/A：Re_160p415176
[  1250.8s] 计算均值场导数：Re_163p364123
[  1252.7s] 计算均值相关 c/A：Re_163p364123
[  1253.6s] 计算均值场导数：Re_166p306373
[  1255.5s] 计算均值相关 c/A：Re_166p306373
[  1256.3s] 计算均值场导数：Re_169p244893
[  1258.3s] 计算均值相关 c/A：Re_169p244893
[  1259.2s] 计算均值场导数：Re_172p181708
[  1261.1s] 计算均值相关 c/A：Re_172p181708
[  1262.0s] 计算均值场导数：Re_175p117940
[  1264.0s] 计算均值相关 c/A：Re_175p117940
[  1264.8s] 计算均值场导数：Re_178p054368
[  1266.8s] 计算均值相关 c/A：Re_178p054368
[  1267.7s] 计算均值场导数：Re_180p992055
[  1269.6s] 计算均值相关 c/A：Re_180p992055
[  1270.5s] 计算均值场导数：Re_183p933395
[  1272.4s] 计算均值相关 c/A：Re_183p933395
[  1273.3s] 计算均值场导数：Re_186p884600
[  1275.3s] 计算均值相关 c/A：Re_186p884600
[  1276.2s] 计算均值场导数：Re_189p862278
[  1278.1s] 计算均值相关 c/A：Re_189p862278
[  1279.0s] 计算均值场导数：Re_192p911664
[  1280.9s] 计算均值相关 c/A：Re_192p911664
[  1281.8s] 计算均值场导数：Re_196p160723
[  1283.8s] 计算均值相关 c/A：Re_196p160723
[  1284.6s] 计算均值场导数：Re_200p000000
[  1286.6s] 计算均值相关 c/A：Re_200p000000
[  1287.4s] 保存张量: /home/ray/Desktop/Cylinder_ROM_PhysicsGeneralizable_Re20_200_100Re/Regime_ROM_Library/velocity_rom_periodic.npz
[  1287.5s] 写 Markdown 报告: /home/ray/Desktop/Cylinder_ROM_PhysicsGeneralizable_Re20_200_100Re/Regime_ROM_Library/velocity_rom_periodic.md
[  1287.5s] 完成
