[     1.3s] 数据目录: /home/ray/Desktop/Cylinder_Results_Re50_300_100Re_POD
[     1.3s] 网格文件: /home/ray/Desktop/Cylinder_Results_Re500_1000_VTU/Re_1000_VTU/flow_60.vtu
[     1.3s] Re labels: ['Re_50p000000', 'Re_50p284740', 'Re_50p725836', 'Re_51p254762', 'Re_51p850243', 'Re_52p500675', 'Re_53p198542', 'Re_53p938494', 'Re_54p716494', 'Re_55p529364', 'Re_56p374525', 'Re_57p249832', 'Re_58p153471', 'Re_59p083879', 'Re_60p039699', 'Re_61p019732', 'Re_62p022916', 'Re_63p048298', 'Re_64p095020', 'Re_65p162304', 'Re_66p249437', 'Re_67p355769', 'Re_68p480701', 'Re_69p623678', 'Re_70p784185', 'Re_71p961745', 'Re_73p155910', 'Re_74p366262', 'Re_75p592409', 'Re_76p833982', 'Re_78p090633', 'Re_79p362032', 'Re_80p647870', 'Re_81p947850', 'Re_83p261694', 'Re_84p589134', 'Re_85p929916', 'Re_87p283798', 'Re_88p650550', 'Re_90p029950', 'Re_91p421785', 'Re_92p825854', 'Re_94p241961', 'Re_95p669919', 'Re_97p109548', 'Re_98p560675', 'Re_100p023134', 'Re_101p496763', 'Re_102p981408', 'Re_104p476918', 'Re_105p983150', 'Re_107p499963', 'Re_109p027221', 'Re_110p564795', 'Re_112p112556', 'Re_113p670382', 'Re_115p238154', 'Re_116p815755', 'Re_118p403073', 'Re_120p000000', 'Re_122p587638', 'Re_125p742328', 'Re_129p153622', 'Re_132p743024', 'Re_136p470964', 'Re_140p313158', 'Re_144p253044', 'Re_148p278541', 'Re_152p380414', 'Re_156p551358', 'Re_160p785435', 'Re_165p077721', 'Re_169p424055', 'Re_173p820875', 'Re_178p265096', 'Re_182p754012', 'Re_187p285235', 'Re_191p856638', 'Re_196p466314', 'Re_201p112542', 'Re_205p793760', 'Re_210p508548', 'Re_215p255602', 'Re_220p033725', 'Re_224p841814', 'Re_229p678844', 'Re_234p543868', 'Re_239p436000', 'Re_244p354416', 'Re_249p298343', 'Re_254p267055', 'Re_259p259872', 'Re_264p276150', 'Re_269p315286', 'Re_274p376705', 'Re_279p459865', 'Re_284p564251', 'Re_289p689375', 'Re_294p834773', 'Re_300p000000']
[     1.3s] r_u=80, r_p=80
[     1.3s] mass sum=5.992147006350e+01, min=1.042e-06, max=1.319e-03
[     1.3s] 计算速度模态梯度: r_u=80
[     5.0s]   velocity mode gradients 8/80
[     8.4s]   velocity mode gradients 16/80
[    11.8s]   velocity mode gradients 24/80
[    14.8s]   velocity mode gradients 32/80
[    18.3s]   velocity mode gradients 40/80
[    21.8s]   velocity mode gradients 48/80
[    25.3s]   velocity mode gradients 56/80
[    28.8s]   velocity mode gradients 64/80
[    32.4s]   velocity mode gradients 72/80
[    35.8s]   velocity mode gradients 80/80
[    35.8s] 计算压力模态梯度: r_p=80
[    37.4s]   pressure mode gradients 8/80
[    39.1s]   pressure mode gradients 16/80
[    40.9s]   pressure mode gradients 24/80
[    42.5s]   pressure mode gradients 32/80
[    44.3s]   pressure mode gradients 40/80
[    45.9s]   pressure mode gradients 48/80
[    47.6s]   pressure mode gradients 56/80
[    49.0s]   pressure mode gradients 64/80
[    50.6s]   pressure mode gradients 72/80
[    52.1s]   pressure mode gradients 80/80
[    52.1s] 计算压力 Laplacian 矩阵 L
[    65.2s] 计算非线性压力源张量 H^p: shape=(80,80,80), chunks=48
[   100.6s]   H^p chunks 2/48
[   136.1s]   H^p chunks 4/48
[   172.3s]   H^p chunks 6/48
[   207.6s]   H^p chunks 8/48
[   243.0s]   H^p chunks 10/48
[   278.3s]   H^p chunks 12/48
[   313.7s]   H^p chunks 14/48
[   349.0s]   H^p chunks 16/48
[   384.5s]   H^p chunks 18/48
[   419.8s]   H^p chunks 20/48
[   456.0s]   H^p chunks 22/48
[   494.7s]   H^p chunks 24/48
[   530.1s]   H^p chunks 26/48
[   565.5s]   H^p chunks 28/48
[   600.9s]   H^p chunks 30/48
[   636.4s]   H^p chunks 32/48
[   671.8s]   H^p chunks 34/48
[   707.3s]   H^p chunks 36/48
[   744.0s]   H^p chunks 38/48
[   784.0s]   H^p chunks 40/48
[   821.5s]   H^p chunks 42/48
[   858.3s]   H^p chunks 44/48
[   895.3s]   H^p chunks 46/48
[   924.2s]   H^p chunks 48/48
[   924.3s] 计算均值梯度: Re_50p000000
[   924.8s] 装配 c^p/A^p: Re_50p000000
[   938.0s] 计算均值梯度: Re_50p284740
[   938.6s] 装配 c^p/A^p: Re_50p284740
[   951.9s] 计算均值梯度: Re_50p725836
[   952.5s] 装配 c^p/A^p: Re_50p725836
[   966.2s] 计算均值梯度: Re_51p254762
[   966.8s] 装配 c^p/A^p: Re_51p254762
[   980.7s] 计算均值梯度: Re_51p850243
[   981.2s] 装配 c^p/A^p: Re_51p850243
[   995.1s] 计算均值梯度: Re_52p500675
[   995.6s] 装配 c^p/A^p: Re_52p500675
[  1008.7s] 计算均值梯度: Re_53p198542
[  1009.2s] 装配 c^p/A^p: Re_53p198542
[  1022.5s] 计算均值梯度: Re_53p938494
[  1023.1s] 装配 c^p/A^p: Re_53p938494
[  1036.7s] 计算均值梯度: Re_54p716494
[  1037.3s] 装配 c^p/A^p: Re_54p716494
[  1050.8s] 计算均值梯度: Re_55p529364
[  1051.4s] 装配 c^p/A^p: Re_55p529364
[  1065.1s] 计算均值梯度: Re_56p374525
[  1065.8s] 装配 c^p/A^p: Re_56p374525
[  1078.9s] 计算均值梯度: Re_57p249832
[  1079.6s] 装配 c^p/A^p: Re_57p249832
[  1092.8s] 计算均值梯度: Re_58p153471
[  1093.4s] 装配 c^p/A^p: Re_58p153471
[  1106.9s] 计算均值梯度: Re_59p083879
[  1107.5s] 装配 c^p/A^p: Re_59p083879
[  1121.4s] 计算均值梯度: Re_60p039699
[  1121.9s] 装配 c^p/A^p: Re_60p039699
[  1135.3s] 计算均值梯度: Re_61p019732
[  1135.9s] 装配 c^p/A^p: Re_61p019732
[  1149.6s] 计算均值梯度: Re_62p022916
[  1150.2s] 装配 c^p/A^p: Re_62p022916
[  1163.7s] 计算均值梯度: Re_63p048298
[  1164.3s] 装配 c^p/A^p: Re_63p048298
[  1177.6s] 计算均值梯度: Re_64p095020
[  1178.2s] 装配 c^p/A^p: Re_64p095020
[  1192.1s] 计算均值梯度: Re_65p162304
[  1192.7s] 装配 c^p/A^p: Re_65p162304
[  1206.0s] 计算均值梯度: Re_66p249437
[  1206.7s] 装配 c^p/A^p: Re_66p249437
[  1220.5s] 计算均值梯度: Re_67p355769
[  1221.1s] 装配 c^p/A^p: Re_67p355769
[  1234.4s] 计算均值梯度: Re_68p480701
[  1235.1s] 装配 c^p/A^p: Re_68p480701
[  1248.6s] 计算均值梯度: Re_69p623678
[  1249.3s] 装配 c^p/A^p: Re_69p623678
[  1262.9s] 计算均值梯度: Re_70p784185
[  1263.5s] 装配 c^p/A^p: Re_70p784185
[  1277.1s] 计算均值梯度: Re_71p961745
[  1277.7s] 装配 c^p/A^p: Re_71p961745
[  1291.2s] 计算均值梯度: Re_73p155910
[  1291.9s] 装配 c^p/A^p: Re_73p155910
[  1305.4s] 计算均值梯度: Re_74p366262
[  1306.1s] 装配 c^p/A^p: Re_74p366262
[  1319.3s] 计算均值梯度: Re_75p592409
[  1319.9s] 装配 c^p/A^p: Re_75p592409
[  1333.5s] 计算均值梯度: Re_76p833982
[  1334.2s] 装配 c^p/A^p: Re_76p833982
[  1348.5s] 计算均值梯度: Re_78p090633
[  1349.0s] 装配 c^p/A^p: Re_78p090633
[  1362.2s] 计算均值梯度: Re_79p362032
[  1362.7s] 装配 c^p/A^p: Re_79p362032
[  1376.5s] 计算均值梯度: Re_80p647870
[  1377.0s] 装配 c^p/A^p: Re_80p647870
[  1390.4s] 计算均值梯度: Re_81p947850
[  1390.9s] 装配 c^p/A^p: Re_81p947850
[  1404.6s] 计算均值梯度: Re_83p261694
[  1405.2s] 装配 c^p/A^p: Re_83p261694
[  1419.0s] 计算均值梯度: Re_84p589134
[  1419.5s] 装配 c^p/A^p: Re_84p589134
[  1433.1s] 计算均值梯度: Re_85p929916
[  1433.6s] 装配 c^p/A^p: Re_85p929916
[  1446.9s] 计算均值梯度: Re_87p283798
[  1447.5s] 装配 c^p/A^p: Re_87p283798
[  1460.9s] 计算均值梯度: Re_88p650550
[  1461.4s] 装配 c^p/A^p: Re_88p650550
[  1475.1s] 计算均值梯度: Re_90p029950
[  1475.6s] 装配 c^p/A^p: Re_90p029950
[  1488.8s] 计算均值梯度: Re_91p421785
[  1489.4s] 装配 c^p/A^p: Re_91p421785
[  1502.8s] 计算均值梯度: Re_92p825854
[  1503.3s] 装配 c^p/A^p: Re_92p825854
[  1516.9s] 计算均值梯度: Re_94p241961
[  1517.4s] 装配 c^p/A^p: Re_94p241961
[  1531.0s] 计算均值梯度: Re_95p669919
[  1531.6s] 装配 c^p/A^p: Re_95p669919
[  1544.8s] 计算均值梯度: Re_97p109548
[  1545.3s] 装配 c^p/A^p: Re_97p109548
[  1558.8s] 计算均值梯度: Re_98p560675
[  1559.3s] 装配 c^p/A^p: Re_98p560675
[  1572.7s] 计算均值梯度: Re_100p023134
[  1573.2s] 装配 c^p/A^p: Re_100p023134
[  1586.8s] 计算均值梯度: Re_101p496763
[  1587.3s] 装配 c^p/A^p: Re_101p496763
[  1601.4s] 计算均值梯度: Re_102p981408
[  1601.9s] 装配 c^p/A^p: Re_102p981408
[  1615.4s] 计算均值梯度: Re_104p476918
[  1615.9s] 装配 c^p/A^p: Re_104p476918
[  1629.6s] 计算均值梯度: Re_105p983150
[  1630.2s] 装配 c^p/A^p: Re_105p983150
[  1643.7s] 计算均值梯度: Re_107p499963
[  1644.2s] 装配 c^p/A^p: Re_107p499963
[  1658.0s] 计算均值梯度: Re_109p027221
[  1658.7s] 装配 c^p/A^p: Re_109p027221
[  1672.7s] 计算均值梯度: Re_110p564795
[  1673.2s] 装配 c^p/A^p: Re_110p564795
[  1686.4s] 计算均值梯度: Re_112p112556
[  1687.0s] 装配 c^p/A^p: Re_112p112556
[  1700.2s] 计算均值梯度: Re_113p670382
[  1700.7s] 装配 c^p/A^p: Re_113p670382
[  1714.2s] 计算均值梯度: Re_115p238154
[  1714.8s] 装配 c^p/A^p: Re_115p238154
[  1727.7s] 计算均值梯度: Re_116p815755
[  1728.3s] 装配 c^p/A^p: Re_116p815755
[  1741.7s] 计算均值梯度: Re_118p403073
[  1742.3s] 装配 c^p/A^p: Re_118p403073
[  1755.9s] 计算均值梯度: Re_120p000000
[  1756.4s] 装配 c^p/A^p: Re_120p000000
[  1769.7s] 计算均值梯度: Re_122p587638
[  1770.2s] 装配 c^p/A^p: Re_122p587638
[  1783.7s] 计算均值梯度: Re_125p742328
[  1784.3s] 装配 c^p/A^p: Re_125p742328
[  1797.8s] 计算均值梯度: Re_129p153622
[  1798.3s] 装配 c^p/A^p: Re_129p153622
[  1811.3s] 计算均值梯度: Re_132p743024
[  1811.8s] 装配 c^p/A^p: Re_132p743024
[  1825.4s] 计算均值梯度: Re_136p470964
[  1826.0s] 装配 c^p/A^p: Re_136p470964
[  1839.6s] 计算均值梯度: Re_140p313158
[  1840.1s] 装配 c^p/A^p: Re_140p313158
[  1853.3s] 计算均值梯度: Re_144p253044
[  1853.8s] 装配 c^p/A^p: Re_144p253044
[  1867.6s] 计算均值梯度: Re_148p278541
[  1868.0s] 装配 c^p/A^p: Re_148p278541
[  1881.1s] 计算均值梯度: Re_152p380414
[  1881.7s] 装配 c^p/A^p: Re_152p380414
[  1895.1s] 计算均值梯度: Re_156p551358
[  1895.6s] 装配 c^p/A^p: Re_156p551358
[  1909.5s] 计算均值梯度: Re_160p785435
[  1910.0s] 装配 c^p/A^p: Re_160p785435
[  1923.2s] 计算均值梯度: Re_165p077721
[  1923.7s] 装配 c^p/A^p: Re_165p077721
[  1937.0s] 计算均值梯度: Re_169p424055
[  1937.5s] 装配 c^p/A^p: Re_169p424055
[  1951.2s] 计算均值梯度: Re_173p820875
[  1951.8s] 装配 c^p/A^p: Re_173p820875
[  1965.3s] 计算均值梯度: Re_178p265096
[  1965.8s] 装配 c^p/A^p: Re_178p265096
[  1979.3s] 计算均值梯度: Re_182p754012
[  1979.8s] 装配 c^p/A^p: Re_182p754012
[  1993.7s] 计算均值梯度: Re_187p285235
[  1994.2s] 装配 c^p/A^p: Re_187p285235
[  2007.4s] 计算均值梯度: Re_191p856638
[  2007.9s] 装配 c^p/A^p: Re_191p856638
[  2021.8s] 计算均值梯度: Re_196p466314
[  2022.3s] 装配 c^p/A^p: Re_196p466314
[  2035.6s] 计算均值梯度: Re_201p112542
[  2036.1s] 装配 c^p/A^p: Re_201p112542
[  2049.7s] 计算均值梯度: Re_205p793760
[  2050.2s] 装配 c^p/A^p: Re_205p793760
[  2063.8s] 计算均值梯度: Re_210p508548
[  2064.3s] 装配 c^p/A^p: Re_210p508548
[  2077.9s] 计算均值梯度: Re_215p255602
[  2078.4s] 装配 c^p/A^p: Re_215p255602
[  2091.6s] 计算均值梯度: Re_220p033725
[  2092.2s] 装配 c^p/A^p: Re_220p033725
[  2105.9s] 计算均值梯度: Re_224p841814
[  2106.4s] 装配 c^p/A^p: Re_224p841814
[  2119.8s] 计算均值梯度: Re_229p678844
[  2120.3s] 装配 c^p/A^p: Re_229p678844
[  2133.4s] 计算均值梯度: Re_234p543868
[  2133.9s] 装配 c^p/A^p: Re_234p543868
[  2147.6s] 计算均值梯度: Re_239p436000
[  2148.1s] 装配 c^p/A^p: Re_239p436000
[  2161.5s] 计算均值梯度: Re_244p354416
[  2162.1s] 装配 c^p/A^p: Re_244p354416
[  2175.6s] 计算均值梯度: Re_249p298343
[  2176.2s] 装配 c^p/A^p: Re_249p298343
[  2190.0s] 计算均值梯度: Re_254p267055
[  2190.6s] 装配 c^p/A^p: Re_254p267055
[  2204.0s] 计算均值梯度: Re_259p259872
[  2204.6s] 装配 c^p/A^p: Re_259p259872
[  2217.9s] 计算均值梯度: Re_264p276150
[  2218.5s] 装配 c^p/A^p: Re_264p276150
[  2231.9s] 计算均值梯度: Re_269p315286
[  2232.4s] 装配 c^p/A^p: Re_269p315286
[  2246.0s] 计算均值梯度: Re_274p376705
[  2246.5s] 装配 c^p/A^p: Re_274p376705
[  2260.0s] 计算均值梯度: Re_279p459865
[  2260.6s] 装配 c^p/A^p: Re_279p459865
[  2273.7s] 计算均值梯度: Re_284p564251
[  2274.3s] 装配 c^p/A^p: Re_284p564251
[  2287.7s] 计算均值梯度: Re_289p689375
[  2288.2s] 装配 c^p/A^p: Re_289p689375
[  2301.6s] 计算均值梯度: Re_294p834773
[  2302.1s] 装配 c^p/A^p: Re_294p834773
[  2315.5s] 计算均值梯度: Re_300p000000
[  2316.0s] 装配 c^p/A^p: Re_300p000000
[  2329.6s] 保存张量: /home/ray/Desktop/Cylinder_Results_Re50_300_100Re_POD/pressure_poisson_surrogate_tensors_allRe100_weightedL2_ru80_rp80.npz
[  2330.4s] 写技术报告: /home/ray/Desktop/Cylinder_Results_Re50_300_100Re_POD/PRESSURE_POISSON_SURROGATE_TENSORS_allRe100_weightedL2_ru80_rp80.md
[  2330.4s] 完成
