[     1.9s] 数据目录: /home/ray/Desktop/Cylinder_Results_Re50_300_100Re_POD
[     1.9s] 网格文件: /home/ray/Desktop/Cylinder_Results_Re500_1000_VTU/Re_1000_VTU/flow_60.vtu
[     1.9s] Re labels: ['Re_50p000000', 'Re_50p284740', 'Re_50p725836', 'Re_51p254762', 'Re_51p850243', 'Re_52p500675', 'Re_53p198542', 'Re_53p938494', 'Re_54p716494', 'Re_55p529364', 'Re_56p374525', 'Re_57p249832', 'Re_58p153471', 'Re_59p083879', 'Re_60p039699', 'Re_61p019732', 'Re_62p022916', 'Re_63p048298', 'Re_64p095020', 'Re_65p162304', 'Re_66p249437', 'Re_67p355769', 'Re_68p480701', 'Re_69p623678', 'Re_70p784185', 'Re_71p961745', 'Re_73p155910', 'Re_74p366262', 'Re_75p592409', 'Re_76p833982', 'Re_78p090633', 'Re_79p362032', 'Re_80p647870', 'Re_81p947850', 'Re_83p261694', 'Re_84p589134', 'Re_85p929916', 'Re_87p283798', 'Re_88p650550', 'Re_90p029950', 'Re_91p421785', 'Re_92p825854', 'Re_94p241961', 'Re_95p669919', 'Re_97p109548', 'Re_98p560675', 'Re_100p023134', 'Re_101p496763', 'Re_102p981408', 'Re_104p476918', 'Re_105p983150', 'Re_107p499963', 'Re_109p027221', 'Re_110p564795', 'Re_112p112556', 'Re_113p670382', 'Re_115p238154', 'Re_116p815755', 'Re_118p403073', 'Re_120p000000', 'Re_122p587638', 'Re_125p742328', 'Re_129p153622', 'Re_132p743024', 'Re_136p470964', 'Re_140p313158', 'Re_144p253044', 'Re_148p278541', 'Re_152p380414', 'Re_156p551358', 'Re_160p785435', 'Re_165p077721', 'Re_169p424055', 'Re_173p820875', 'Re_178p265096', 'Re_182p754012', 'Re_187p285235', 'Re_191p856638', 'Re_196p466314', 'Re_201p112542', 'Re_205p793760', 'Re_210p508548', 'Re_215p255602', 'Re_220p033725', 'Re_224p841814', 'Re_229p678844', 'Re_234p543868', 'Re_239p436000', 'Re_244p354416', 'Re_249p298343', 'Re_254p267055', 'Re_259p259872', 'Re_264p276150', 'Re_269p315286', 'Re_274p376705', 'Re_279p459865', 'Re_284p564251', 'Re_289p689375', 'Re_294p834773', 'Re_300p000000']
[     1.9s] r_u=80, r_p=80, nu=0.001
[     2.0s] 读取 weighted L2 point_volumes 作为质量权重
[     2.0s] mass sum=5.992147006350e+01, min=1.042e-06, max=1.319e-03
[     2.0s] 计算速度模态导数：r_u=80
[    20.3s]   velocity mode derivatives 8/80
[    36.0s]   velocity mode derivatives 16/80
[    50.7s]   velocity mode derivatives 24/80
[    65.6s]   velocity mode derivatives 32/80
[    80.1s]   velocity mode derivatives 40/80
[    94.4s]   velocity mode derivatives 48/80
[   109.1s]   velocity mode derivatives 56/80
[   124.0s]   velocity mode derivatives 64/80
[   139.0s]   velocity mode derivatives 72/80
[   153.8s]   velocity mode derivatives 80/80
[   153.8s] 计算压力模态梯度：r_p=80
[   155.1s]   pressure mode gradients 8/80
[   156.2s]   pressure mode gradients 16/80
[   157.6s]   pressure mode gradients 24/80
[   159.2s]   pressure mode gradients 32/80
[   160.8s]   pressure mode gradients 40/80
[   162.4s]   pressure mode gradients 48/80
[   164.0s]   pressure mode gradients 56/80
[   165.7s]   pressure mode gradients 64/80
[   167.3s]   pressure mode gradients 72/80
[   169.0s]   pressure mode gradients 80/80
[   169.0s] 计算共享 Gram/P/H
[   196.6s] 计算二次对流张量 H：r_u=80, chunks=48
[   233.0s]   H chunks 2/48
[   269.6s]   H chunks 4/48
[   305.1s]   H chunks 6/48
[   340.6s]   H chunks 8/48
[   376.4s]   H chunks 10/48
[   412.0s]   H chunks 12/48
[   447.6s]   H chunks 14/48
[   483.2s]   H chunks 16/48
[   518.9s]   H chunks 18/48
[   557.1s]   H chunks 20/48
[   593.5s]   H chunks 22/48
[   629.3s]   H chunks 24/48
[   665.6s]   H chunks 26/48
[   702.2s]   H chunks 28/48
[   738.6s]   H chunks 30/48
[   775.2s]   H chunks 32/48
[   813.4s]   H chunks 34/48
[   851.5s]   H chunks 36/48
[   892.1s]   H chunks 38/48
[   932.7s]   H chunks 40/48
[   972.9s]   H chunks 42/48
[  1011.0s]   H chunks 44/48
[  1047.2s]   H chunks 46/48
[  1075.1s]   H chunks 48/48
[  1075.1s] 计算均值场导数：Re_50p000000
[  1077.0s] 计算均值相关 c/A：Re_50p000000
[  1092.9s] 计算均值场导数：Re_50p284740
[  1095.1s] 计算均值相关 c/A：Re_50p284740
[  1108.9s] 计算均值场导数：Re_50p725836
[  1111.0s] 计算均值相关 c/A：Re_50p725836
[  1126.0s] 计算均值场导数：Re_51p254762
[  1128.1s] 计算均值相关 c/A：Re_51p254762
[  1142.1s] 计算均值场导数：Re_51p850243
[  1144.2s] 计算均值相关 c/A：Re_51p850243
[  1159.0s] 计算均值场导数：Re_52p500675
[  1161.1s] 计算均值相关 c/A：Re_52p500675
[  1175.1s] 计算均值场导数：Re_53p198542
[  1177.2s] 计算均值相关 c/A：Re_53p198542
[  1191.6s] 计算均值场导数：Re_53p938494
[  1193.8s] 计算均值相关 c/A：Re_53p938494
[  1207.8s] 计算均值场导数：Re_54p716494
[  1210.0s] 计算均值相关 c/A：Re_54p716494
[  1224.7s] 计算均值场导数：Re_55p529364
[  1226.8s] 计算均值相关 c/A：Re_55p529364
[  1240.9s] 计算均值场导数：Re_56p374525
[  1243.1s] 计算均值相关 c/A：Re_56p374525
[  1257.3s] 计算均值场导数：Re_57p249832
[  1259.4s] 计算均值相关 c/A：Re_57p249832
[  1273.4s] 计算均值场导数：Re_58p153471
[  1275.8s] 计算均值相关 c/A：Re_58p153471
[  1290.1s] 计算均值场导数：Re_59p083879
[  1292.5s] 计算均值相关 c/A：Re_59p083879
[  1306.9s] 计算均值场导数：Re_60p039699
[  1309.0s] 计算均值相关 c/A：Re_60p039699
[  1323.5s] 计算均值场导数：Re_61p019732
[  1325.7s] 计算均值相关 c/A：Re_61p019732
[  1339.8s] 计算均值场导数：Re_62p022916
[  1341.9s] 计算均值相关 c/A：Re_62p022916
[  1355.7s] 计算均值场导数：Re_63p048298
[  1357.9s] 计算均值相关 c/A：Re_63p048298
[  1372.4s] 计算均值场导数：Re_64p095020
[  1374.5s] 计算均值相关 c/A：Re_64p095020
[  1388.4s] 计算均值场导数：Re_65p162304
[  1390.5s] 计算均值相关 c/A：Re_65p162304
[  1404.8s] 计算均值场导数：Re_66p249437
[  1406.9s] 计算均值相关 c/A：Re_66p249437
[  1421.2s] 计算均值场导数：Re_67p355769
[  1423.6s] 计算均值相关 c/A：Re_67p355769
[  1438.0s] 计算均值场导数：Re_68p480701
[  1440.2s] 计算均值相关 c/A：Re_68p480701
[  1454.6s] 计算均值场导数：Re_69p623678
[  1456.7s] 计算均值相关 c/A：Re_69p623678
[  1470.3s] 计算均值场导数：Re_70p784185
[  1472.5s] 计算均值相关 c/A：Re_70p784185
[  1487.0s] 计算均值场导数：Re_71p961745
[  1489.1s] 计算均值相关 c/A：Re_71p961745
[  1503.0s] 计算均值场导数：Re_73p155910
[  1505.4s] 计算均值相关 c/A：Re_73p155910
[  1520.2s] 计算均值场导数：Re_74p366262
[  1522.4s] 计算均值相关 c/A：Re_74p366262
[  1536.1s] 计算均值场导数：Re_75p592409
[  1538.3s] 计算均值相关 c/A：Re_75p592409
[  1552.7s] 计算均值场导数：Re_76p833982
[  1554.9s] 计算均值相关 c/A：Re_76p833982
[  1568.7s] 计算均值场导数：Re_78p090633
[  1570.8s] 计算均值相关 c/A：Re_78p090633
[  1585.1s] 计算均值场导数：Re_79p362032
[  1587.5s] 计算均值相关 c/A：Re_79p362032
[  1602.0s] 计算均值场导数：Re_80p647870
[  1604.1s] 计算均值相关 c/A：Re_80p647870
[  1618.3s] 计算均值场导数：Re_81p947850
[  1620.4s] 计算均值相关 c/A：Re_81p947850
[  1635.1s] 计算均值场导数：Re_83p261694
[  1637.2s] 计算均值相关 c/A：Re_83p261694
[  1651.4s] 计算均值场导数：Re_84p589134
[  1653.9s] 计算均值相关 c/A：Re_84p589134
[  1667.8s] 计算均值场导数：Re_85p929916
[  1670.4s] 计算均值相关 c/A：Re_85p929916
[  1684.9s] 计算均值场导数：Re_87p283798
[  1687.3s] 计算均值相关 c/A：Re_87p283798
[  1701.6s] 计算均值场导数：Re_88p650550
[  1703.8s] 计算均值相关 c/A：Re_88p650550
[  1718.5s] 计算均值场导数：Re_90p029950
[  1720.7s] 计算均值相关 c/A：Re_90p029950
[  1734.6s] 计算均值场导数：Re_91p421785
[  1736.7s] 计算均值相关 c/A：Re_91p421785
[  1751.0s] 计算均值场导数：Re_92p825854
[  1753.2s] 计算均值相关 c/A：Re_92p825854
[  1767.5s] 计算均值场导数：Re_94p241961
[  1770.1s] 计算均值相关 c/A：Re_94p241961
[  1784.4s] 计算均值场导数：Re_95p669919
[  1786.5s] 计算均值相关 c/A：Re_95p669919
[  1802.7s] 计算均值场导数：Re_97p109548
[  1804.7s] 计算均值相关 c/A：Re_97p109548
[  1818.6s] 计算均值场导数：Re_98p560675
[  1820.7s] 计算均值相关 c/A：Re_98p560675
[  1834.9s] 计算均值场导数：Re_100p023134
[  1837.0s] 计算均值相关 c/A：Re_100p023134
[  1850.9s] 计算均值场导数：Re_101p496763
[  1853.0s] 计算均值相关 c/A：Re_101p496763
[  1867.2s] 计算均值场导数：Re_102p981408
[  1869.3s] 计算均值相关 c/A：Re_102p981408
[  1884.8s] 计算均值场导数：Re_104p476918
[  1887.4s] 计算均值相关 c/A：Re_104p476918
[  1901.7s] 计算均值场导数：Re_105p983150
[  1903.8s] 计算均值相关 c/A：Re_105p983150
[  1919.2s] 计算均值场导数：Re_107p499963
[  1921.3s] 计算均值相关 c/A：Re_107p499963
[  1935.2s] 计算均值场导数：Re_109p027221
[  1937.4s] 计算均值相关 c/A：Re_109p027221
[  1951.7s] 计算均值场导数：Re_110p564795
[  1953.9s] 计算均值相关 c/A：Re_110p564795
[  1968.0s] 计算均值场导数：Re_112p112556
[  1970.1s] 计算均值相关 c/A：Re_112p112556
[  1984.2s] 计算均值场导数：Re_113p670382
[  1986.7s] 计算均值相关 c/A：Re_113p670382
[  2000.7s] 计算均值场导数：Re_115p238154
[  2002.9s] 计算均值相关 c/A：Re_115p238154
[  2016.8s] 计算均值场导数：Re_116p815755
[  2019.0s] 计算均值相关 c/A：Re_116p815755
[  2033.3s] 计算均值场导数：Re_118p403073
[  2035.5s] 计算均值相关 c/A：Re_118p403073
[  2049.8s] 计算均值场导数：Re_120p000000
[  2052.0s] 计算均值相关 c/A：Re_120p000000
[  2066.3s] 计算均值场导数：Re_122p587638
[  2068.8s] 计算均值相关 c/A：Re_122p587638
[  2083.2s] 计算均值场导数：Re_125p742328
[  2085.8s] 计算均值相关 c/A：Re_125p742328
[  2099.9s] 计算均值场导数：Re_129p153622
[  2102.0s] 计算均值相关 c/A：Re_129p153622
[  2116.0s] 计算均值场导数：Re_132p743024
[  2118.2s] 计算均值相关 c/A：Re_132p743024
[  2132.4s] 计算均值场导数：Re_136p470964
[  2134.9s] 计算均值相关 c/A：Re_136p470964
[  2149.8s] 计算均值场导数：Re_140p313158
[  2151.9s] 计算均值相关 c/A：Re_140p313158
[  2165.9s] 计算均值场导数：Re_144p253044
[  2168.2s] 计算均值相关 c/A：Re_144p253044
[  2182.4s] 计算均值场导数：Re_148p278541
[  2184.6s] 计算均值相关 c/A：Re_148p278541
[  2199.2s] 计算均值场导数：Re_152p380414
[  2201.4s] 计算均值相关 c/A：Re_152p380414
[  2215.4s] 计算均值场导数：Re_156p551358
[  2217.5s] 计算均值相关 c/A：Re_156p551358
[  2232.2s] 计算均值场导数：Re_160p785435
[  2234.8s] 计算均值相关 c/A：Re_160p785435
[  2248.8s] 计算均值场导数：Re_165p077721
[  2250.9s] 计算均值相关 c/A：Re_165p077721
[  2265.4s] 计算均值场导数：Re_169p424055
[  2267.5s] 计算均值相关 c/A：Re_169p424055
[  2281.6s] 计算均值场导数：Re_173p820875
[  2283.8s] 计算均值相关 c/A：Re_173p820875
[  2298.6s] 计算均值场导数：Re_178p265096
[  2300.7s] 计算均值相关 c/A：Re_178p265096
[  2314.8s] 计算均值场导数：Re_182p754012
[  2317.1s] 计算均值相关 c/A：Re_182p754012
[  2331.6s] 计算均值场导数：Re_187p285235
[  2333.7s] 计算均值相关 c/A：Re_187p285235
[  2348.2s] 计算均值场导数：Re_191p856638
[  2350.4s] 计算均值相关 c/A：Re_191p856638
[  2364.5s] 计算均值场导数：Re_196p466314
[  2366.7s] 计算均值相关 c/A：Re_196p466314
[  2381.3s] 计算均值场导数：Re_201p112542
[  2383.4s] 计算均值相关 c/A：Re_201p112542
[  2397.5s] 计算均值场导数：Re_205p793760
[  2399.7s] 计算均值相关 c/A：Re_205p793760
[  2414.0s] 计算均值场导数：Re_210p508548
[  2416.2s] 计算均值相关 c/A：Re_210p508548
[  2430.4s] 计算均值场导数：Re_215p255602
[  2432.5s] 计算均值相关 c/A：Re_215p255602
[  2446.9s] 计算均值场导数：Re_220p033725
[  2449.1s] 计算均值相关 c/A：Re_220p033725
[  2463.5s] 计算均值场导数：Re_224p841814
[  2465.6s] 计算均值相关 c/A：Re_224p841814
[  2480.0s] 计算均值场导数：Re_229p678844
[  2482.1s] 计算均值相关 c/A：Re_229p678844
[  2496.3s] 计算均值场导数：Re_234p543868
[  2498.5s] 计算均值相关 c/A：Re_234p543868
[  2512.6s] 计算均值场导数：Re_239p436000
[  2514.8s] 计算均值相关 c/A：Re_239p436000
[  2529.3s] 计算均值场导数：Re_244p354416
[  2531.5s] 计算均值相关 c/A：Re_244p354416
[  2545.7s] 计算均值场导数：Re_249p298343
[  2547.9s] 计算均值相关 c/A：Re_249p298343
[  2562.4s] 计算均值场导数：Re_254p267055
[  2564.6s] 计算均值相关 c/A：Re_254p267055
[  2579.0s] 计算均值场导数：Re_259p259872
[  2581.2s] 计算均值相关 c/A：Re_259p259872
[  2595.2s] 计算均值场导数：Re_264p276150
[  2597.3s] 计算均值相关 c/A：Re_264p276150
[  2611.4s] 计算均值场导数：Re_269p315286
[  2613.5s] 计算均值相关 c/A：Re_269p315286
[  2628.1s] 计算均值场导数：Re_274p376705
[  2630.6s] 计算均值相关 c/A：Re_274p376705
[  2644.2s] 计算均值场导数：Re_279p459865
[  2646.3s] 计算均值相关 c/A：Re_279p459865
[  2660.5s] 计算均值场导数：Re_284p564251
[  2662.6s] 计算均值相关 c/A：Re_284p564251
[  2676.6s] 计算均值场导数：Re_289p689375
[  2678.7s] 计算均值相关 c/A：Re_289p689375
[  2692.6s] 计算均值场导数：Re_294p834773
[  2694.7s] 计算均值相关 c/A：Re_294p834773
[  2709.1s] 计算均值场导数：Re_300p000000
[  2711.6s] 计算均值相关 c/A：Re_300p000000
[  2726.0s] 保存张量: /home/ray/Desktop/Cylinder_Results_Re50_300_100Re_POD/semi_intrusive_galerkin_tensors_allRe100_weightedL2_ru80_rp80_compact.npz
[  2727.9s] 写 Markdown 报告: /home/ray/Desktop/Cylinder_Results_Re50_300_100Re_POD/SEMI_INTRUSIVE_GALERKIN_TENSORS_allRe100_weightedL2_ru80_rp80.md
[  2728.0s] 完成
